started via touch tap on #startb
  12.4 m  swipe up     jump crate_stack in lane 0 at 5.6 m (speed 9.0, lead 6.0, gesture 143 ms)
  31.2 m  swipe up     jump crate_stack in lane 0 at 5.8 m (speed 9.0, lead 6.0, gesture 140 ms)
  48.7 m  swipe up     jump fallen_bicycle in lane 0 at 5.7 m (speed 9.0, lead 6.0, gesture 141 ms)
  69.6 m  swipe left   coin in lane -1 at 8.9 m (speed 9.0)
  97.3 m  swipe right  coin in lane 0 at 0.6 m (speed 9.0)
 128.4 m  swipe down   roll under awning_strut_low in lane 0 at 3.6 m, row 0.3 m long (speed 9.0, lead 3.7, gesture 141 ms)
 181.5 m  swipe up     jump roadworks_barrier in lane 0 at 6.2 m (speed 9.6, lead 6.3, gesture 120 ms)
 200.1 m  swipe up     jump roadworks_barrier in lane 0 at 6.3 m (speed 9.6, lead 6.3, gesture 129 ms)
 240.1 m  swipe up     jump roadworks_barrier in lane 0 at 6.1 m (speed 9.6, lead 6.3, gesture 123 ms)
 258.6 m  swipe down   roll under gantry_board_low in lane 0 at 3.3 m, row 0.5799999833106995 m long (speed 9.6, lead 3.8, gesture 132 ms)
 274.0 m  swipe up     jump roadworks_barrier in lane 0 at 6.0 m (speed 9.6, lead 6.3, gesture 145 ms)
 294.0 m  swipe down   roll under gantry_board_low in lane 0 at 3.6 m, row 0.5799999833106995 m long (speed 9.6, lead 3.8, gesture 149 ms)
 306.2 m  swipe left   concrete_divider blocks lane 0 at 8.7 m; lanes [- block jump] -> lane -1 (speed 10.2, lead 9.1, gesture 117 ms)
 327.4 m  swipe right  concrete_divider blocks lane -1 at 9.1 m; lanes [block - -] -> lane 0 (speed 10.2, lead 9.1, gesture 130 ms)
 332.2 m  swipe right  coin in lane 1 at 9.8 m (speed 10.2)
 365.7 m  swipe down   roll under gantry_board_low in lane 1 at 3.9 m, row 0.5799999833106995 m long (speed 10.2, lead 4.0, gesture 146 ms)
 383.4 m  swipe down   roll under gantry_board_low in lane 1 at 3.7 m, row 0.5799999833106995 m long (speed 10.2, lead 4.0, gesture 148 ms)
 393.0 m  swipe left   concrete_divider blocks lane 1 at 9.1 m; lanes [- block block] -> lane -1 (speed 10.2, lead 9.1, gesture 138 ms)
 395.4 m  swipe left   second step toward lane -1 (speed 10.2)
 419.2 m  swipe right  coin in lane 0 at 0.3 m (speed 10.2)
 421.6 m  swipe left   coin in lane -1 at 2.6 m (speed 10.2)
 449.8 m  swipe up     jump cooler_bin in lane -1 at 6.4 m (speed 10.2, lead 6.6, gesture 146 ms)
 527.7 m  swipe up     jump crate_stack in lane -1 at 6.6 m (speed 10.8, lead 6.9, gesture 124 ms)
 552.0 m  swipe right  coin in lane 0 at 3.6 m (speed 10.8)
 566.4 m  swipe right  coin in lane 1 at 0.8 m (speed 10.8)
 578.7 m  swipe down   roll under awning_strut_low in lane 1 at 3.9 m, row 0.3 m long (speed 10.8, lead 4.4, gesture 132 ms)
 606.4 m  swipe up     jump cooler_bin in lane 1 at 6.9 m (speed 11.4, lead 7.2, gesture 124 ms)
 626.5 m  swipe left   kei_van blocks lane 1 at 9.9 m; lanes [- block block] -> lane -1 (speed 11.4, lead 10.0, gesture 128 ms)
 629.0 m  swipe left   second step toward lane -1 (speed 11.4)
 643.6 m  swipe up     jump crate_stack in lane -1 at 6.9 m (speed 11.4, lead 7.2, gesture 129 ms)
 660.3 m  swipe down   roll under awning_strut_low in lane -1 at 4.2 m, row 0.3 m long (speed 11.4, lead 4.7, gesture 132 ms)
 702.3 m  swipe up     jump cooler_bin in lane -1 at 7.0 m (speed 11.4, lead 7.2, gesture 126 ms)
 721.9 m  swipe down   roll under awning_strut_low in lane -1 at 4.2 m, row 0.3 m long (speed 11.4, lead 4.7, gesture 128 ms)
 733.9 m  swipe up     jump crate_stack in lane -1 at 7.0 m (speed 11.4, lead 7.2, gesture 122 ms)
 763.6 m  swipe up     jump crate_stack in lane -1 at 7.3 m (speed 12.0, lead 7.5, gesture 125 ms)
 793.6 m  swipe right  concrete_divider blocks lane -1 at 10.3 m; lanes [block - block] -> lane 0 (speed 12.0, lead 10.4, gesture 121 ms)
