started via touch tap on #startb
  12.0 m  swipe up     jump crate_stack in lane 0 at 6.0 m (speed 9.0, lead 6.0, gesture 148 ms)
  31.3 m  swipe up     jump crate_stack in lane 0 at 5.7 m (speed 9.0, lead 6.0, gesture 133 ms)
  48.7 m  swipe up     jump fallen_bicycle in lane 0 at 5.7 m (speed 9.0, lead 6.0, gesture 149 ms)
  69.6 m  swipe left   coin in lane -1 at 8.9 m (speed 9.0)
  97.3 m  swipe right  coin in lane 0 at 0.6 m (speed 9.0)
 128.4 m  swipe down   roll under awning_strut_low in lane 0 at 3.6 m, row 0.3 m long (speed 9.0, lead 3.7, gesture 140 ms)
 181.5 m  swipe up     jump roadworks_barrier in lane 0 at 6.2 m (speed 9.6, lead 6.3, gesture 143 ms)
 200.1 m  swipe up     jump roadworks_barrier in lane 0 at 6.3 m (speed 9.6, lead 6.3, gesture 148 ms)
 240.2 m  swipe up     jump roadworks_barrier in lane 0 at 6.0 m (speed 9.6, lead 6.3, gesture 147 ms)
 258.3 m  swipe down   roll under gantry_board_low in lane 0 at 3.6 m, row 0.5799999833106995 m long (speed 9.6, lead 3.8, gesture 145 ms)
 274.1 m  swipe up     jump roadworks_barrier in lane 0 at 5.9 m (speed 9.6, lead 6.3, gesture 147 ms)
 293.8 m  swipe down   roll under gantry_board_low in lane 0 at 3.8 m, row 0.5799999833106995 m long (speed 9.6, lead 3.8, gesture 148 ms)
 306.0 m  swipe left   concrete_divider blocks lane 0 at 8.9 m; lanes [- block jump] -> lane -1 (speed 10.2, lead 9.1, gesture 141 ms)
 327.4 m  swipe right  concrete_divider blocks lane -1 at 9.1 m; lanes [block - -] -> lane 0 (speed 10.2, lead 9.1, gesture 146 ms)
 332.0 m  swipe right  coin in lane 1 at 10.0 m (speed 10.2)
 365.8 m  swipe down   roll under gantry_board_low in lane 1 at 3.7 m, row 0.5799999833106995 m long (speed 10.2, lead 4.0, gesture 140 ms)
 383.0 m  swipe down   roll under gantry_board_low in lane 1 at 4.0 m, row 0.5799999833106995 m long (speed 10.2, lead 4.0, gesture 149 ms)
 393.0 m  swipe left   concrete_divider blocks lane 1 at 9.1 m; lanes [- block block] -> lane -1 (speed 10.2, lead 9.1, gesture 143 ms)
 395.4 m  swipe left   second step toward lane -1 (speed 10.2)
 419.1 m  swipe right  coin in lane 0 at 0.4 m (speed 10.2)
 421.4 m  swipe left   coin in lane -1 at 2.8 m (speed 10.2)
 450.0 m  swipe up     jump cooler_bin in lane -1 at 6.2 m (speed 10.2, lead 6.6, gesture 149 ms)
 527.6 m  swipe up     jump crate_stack in lane -1 at 6.8 m (speed 10.8, lead 6.9, gesture 140 ms)
 552.2 m  swipe right  coin in lane 0 at 3.4 m (speed 10.8)
 566.4 m  swipe right  coin in lane 1 at 0.8 m (speed 10.8)
 578.5 m  swipe down   roll under awning_strut_low in lane 1 at 4.1 m, row 0.3 m long (speed 10.8, lead 4.4, gesture 151 ms)
 606.4 m  swipe up     jump cooler_bin in lane 1 at 6.9 m (speed 11.4, lead 7.2, gesture 133 ms)
 626.5 m  swipe left   kei_van blocks lane 1 at 9.9 m; lanes [- block block] -> lane -1 (speed 11.4, lead 10.0, gesture 146 ms)
 629.2 m  swipe left   second step toward lane -1 (speed 11.4)
 643.8 m  swipe up     jump crate_stack in lane -1 at 6.7 m (speed 11.4, lead 7.2, gesture 151 ms)
 660.3 m  swipe down   roll under awning_strut_low in lane -1 at 4.2 m, row 0.3 m long (speed 11.4, lead 4.7, gesture 149 ms)
 702.3 m  swipe up     jump cooler_bin in lane -1 at 7.0 m (speed 11.4, lead 7.2, gesture 148 ms)
 721.7 m  swipe down   roll under awning_strut_low in lane -1 at 4.4 m, row 0.3 m long (speed 11.4, lead 4.7, gesture 139 ms)
 733.9 m  swipe up     jump crate_stack in lane -1 at 7.0 m (speed 11.4, lead 7.2, gesture 142 ms)
 764.0 m  swipe up     jump crate_stack in lane -1 at 6.9 m (speed 12.0, lead 7.5, gesture 147 ms)
 793.8 m  swipe right  concrete_divider blocks lane -1 at 10.1 m; lanes [block - block] -> lane 0 (speed 12.0, lead 10.4, gesture 149 ms)
