started via touch tap on #startb
  20.8 m  swipe down   roll under high_barrier in lane 0 at 3.2 m, row 1 m long (speed 9.0, lead 3.3, gesture 125 ms)
  39.9 m  swipe up     jump low_barrier in lane 0 at 5.7 m (speed 9.0, lead 6.0, gesture 123 ms)
  61.3 m  swipe down   roll under high_barrier in lane 0 at 2.3 m, row 3 m long (speed 9.0, lead 2.3, gesture 122 ms)
  78.9 m  swipe right  delivery_van blocks lane 0 at 7.9 m; lanes [jump block -] -> lane 1 (speed 9.0, lead 8.3, gesture 125 ms)
 119.4 m  swipe left   dumpster blocks lane 1 at 8.2 m; lanes [- block block] -> lane -1 (speed 9.0, lead 8.3, gesture 115 ms)
 121.5 m  swipe left   second step toward lane -1 (speed 9.0)
 147.3 m  swipe down   roll under overhead_gantry in lane -1 at 3.2 m, row 1 m long (speed 9.0, lead 3.3, gesture 127 ms)
 172.1 m  swipe down   roll under overhead_gantry in lane -1 at 3.2 m, row 1 m long (speed 9.6, lead 3.6, gesture 131 ms)
 186.8 m  swipe right  taxi blocks lane -1 at 8.7 m; lanes [block block -] -> lane 1 (speed 9.6, lead 8.7, gesture 127 ms)
 189.2 m  swipe right   second step toward lane 1 (speed 9.6)
 234.1 m  swipe left   taxi blocks lane 1 at 8.5 m; lanes [roll - block] -> lane 0 (speed 9.6, lead 8.7, gesture 128 ms)
 260.4 m  swipe up     jump scooter in lane 0 at 6.1 m (speed 9.6, lead 6.3, gesture 127 ms)
 268.2 m  swipe right  coin in lane 1 at 4.3 m (speed 9.6)
 282.1 m  swipe up     jump low_barrier in lane 1 at 6.0 m (speed 9.6, lead 6.3, gesture 130 ms)
 300.2 m  swipe left   coin in lane 0 at 9.2 m (speed 10.2)
 323.7 m  swipe down   roll under overhead_gantry in lane 0 at 3.5 m, row 1 m long (speed 10.2, lead 3.8, gesture 126 ms)
 329.0 m  swipe right  coin in lane 1 at 4.3 m (speed 10.2)
 386.8 m  swipe up     jump scooter in lane 1 at 6.4 m (speed 10.2, lead 6.6, gesture 125 ms)
 395.1 m  swipe left   coin in lane 0 at 4.0 m (speed 10.2)
 410.0 m  swipe up     jump scooter in lane 0 at 6.5 m (speed 10.2, lead 6.6, gesture 119 ms)
 423.6 m  swipe right  dumpster blocks lane 0 at 8.9 m; lanes [block block -] -> lane 1 (speed 10.2, lead 9.1, gesture 118 ms)
 461.3 m  swipe left   coin in lane 0 at 2.2 m (speed 10.8)
 473.2 m  swipe up     jump cone_cluster in lane 0 at 6.8 m (speed 10.8, lead 6.9, gesture 128 ms)
 487.8 m  swipe right  dumpster blocks lane 0 at 9.0 m; lanes [- block -] -> lane 1 (speed 10.8, lead 9.6, gesture 128 ms)
 613.4 m  swipe left   dumpster blocks lane 1 at 10.0 m; lanes [jump - block] -> lane 0 (speed 11.4, lead 10.0, gesture 126 ms)
 627.1 m  swipe right  coin in lane 1 at 2.3 m (speed 11.4)
 657.9 m  swipe down   roll under overhead_gantry in lane 1 at 4.2 m, row 1 m long (speed 11.4, lead 4.3, gesture 124 ms)
 752.6 m  swipe left   coin in lane 0 at 2.4 m (speed 12.0)
 767.0 m  swipe down   roll under overhead_gantry in lane 0 at 4.5 m, row 1 m long (speed 12.0, lead 4.6, gesture 117 ms)
 784.0 m  swipe down   roll under overhead_gantry in lane 0 at 3.3 m, row 3 m long (speed 12.0, lead 3.6, gesture 130 ms)
 791.2 m  swipe left   coin in lane -1 at 2.1 m (speed 12.0)
 794.2 m  swipe right  taxi blocks lane -1 at 10.2 m; lanes [block - -] -> lane 0 (speed 12.0, lead 10.4, gesture 123 ms)
