started via touch tap on #startb
  21.1 m  swipe down   roll under high_barrier in lane 0 at 2.9 m, row 1 m long (speed 9.0, lead 3.1, gesture 134 ms)
  39.9 m  swipe up     jump low_barrier in lane 0 at 5.7 m (speed 9.0, lead 6.0, gesture 120 ms)
  61.9 m  swipe down   roll under high_barrier in lane 0 at 1.7 m, row 3 m long (speed 9.0, lead 2.1, gesture 114 ms)
  78.7 m  swipe right  delivery_van blocks lane 0 at 8.0 m; lanes [jump block -] -> lane 1 (speed 9.0, lead 8.3, gesture 128 ms)
 119.4 m  swipe left   dumpster blocks lane 1 at 8.2 m; lanes [- block block] -> lane -1 (speed 9.0, lead 8.3, gesture 131 ms)
 121.6 m  swipe left   second step toward lane -1 (speed 9.0)
 147.4 m  swipe down   roll under overhead_gantry in lane -1 at 3.0 m, row 1 m long (speed 9.0, lead 3.1, gesture 119 ms)
 172.4 m  swipe down   roll under overhead_gantry in lane -1 at 2.9 m, row 1 m long (speed 9.6, lead 3.3, gesture 127 ms)
 186.8 m  swipe right  taxi blocks lane -1 at 8.6 m; lanes [block block -] -> lane 1 (speed 9.6, lead 8.7, gesture 116 ms)
 189.0 m  swipe right   second step toward lane 1 (speed 9.6)
 234.0 m  swipe left   taxi blocks lane 1 at 8.7 m; lanes [roll - block] -> lane 0 (speed 9.6, lead 8.7, gesture 120 ms)
 260.4 m  swipe up     jump scooter in lane 0 at 6.1 m (speed 9.6, lead 6.3, gesture 118 ms)
 268.4 m  swipe right  coin in lane 1 at 4.1 m (speed 9.6)
 282.1 m  swipe up     jump low_barrier in lane 1 at 6.0 m (speed 9.6, lead 6.3, gesture 136 ms)
 299.9 m  swipe left   coin in lane 0 at 9.5 m (speed 9.6)
 323.7 m  swipe down   roll under overhead_gantry in lane 0 at 3.5 m, row 1 m long (speed 10.2, lead 3.6, gesture 132 ms)
 329.0 m  swipe right  coin in lane 1 at 4.3 m (speed 10.2)
 386.6 m  swipe up     jump scooter in lane 1 at 6.5 m (speed 10.2, lead 6.6, gesture 126 ms)
 394.7 m  swipe left   coin in lane 0 at 4.4 m (speed 10.2)
 410.2 m  swipe up     jump scooter in lane 0 at 6.3 m (speed 10.2, lead 6.6, gesture 128 ms)
 423.5 m  swipe right  dumpster blocks lane 0 at 9.1 m; lanes [block block -] -> lane 1 (speed 10.2, lead 9.1, gesture 119 ms)
 461.1 m  swipe left   coin in lane 0 at 2.4 m (speed 10.8)
 473.6 m  swipe up     jump cone_cluster in lane 0 at 6.4 m (speed 10.8, lead 6.9, gesture 127 ms)
 487.4 m  swipe right  dumpster blocks lane 0 at 9.4 m; lanes [- block -] -> lane 1 (speed 10.8, lead 9.6, gesture 130 ms)
 613.8 m  swipe left   dumpster blocks lane 1 at 9.6 m; lanes [jump - block] -> lane 0 (speed 11.4, lead 10.0, gesture 118 ms)
 627.1 m  swipe right  coin in lane 1 at 2.3 m (speed 11.4)
 658.0 m  swipe down   roll under overhead_gantry in lane 1 at 4.0 m, row 1 m long (speed 11.4, lead 4.1, gesture 120 ms)
 752.8 m  swipe left   coin in lane 0 at 2.2 m (speed 12.0)
 767.4 m  swipe down   roll under overhead_gantry in lane 0 at 4.1 m, row 1 m long (speed 12.0, lead 4.3, gesture 145 ms)
 784.2 m  swipe down   roll under overhead_gantry in lane 0 at 3.1 m, row 3 m long (speed 12.0, lead 3.3, gesture 121 ms)
 791.2 m  swipe left   coin in lane -1 at 2.1 m (speed 12.0)
 794.2 m  swipe right  taxi blocks lane -1 at 10.2 m; lanes [block - -] -> lane 0 (speed 12.0, lead 10.4, gesture 122 ms)
