started via click on #startb
  22.2 m  swipe down   roll under high_barrier in lane 0 at 1.8 m, row 1 m long (speed 9.0, lead 2.1, gesture 4 ms)
  40.9 m  swipe up     jump low_barrier in lane 0 at 4.7 m (speed 9.0, lead 4.7, gesture 2 ms)
  62.7 m  swipe down   roll under high_barrier in lane 0 at 0.9 m, row 3 m long (speed 9.0, lead 1.1, gesture 1 ms)
  79.8 m  swipe right  delivery_van blocks lane 0 at 7.0 m; lanes [jump block -] -> lane 1 (speed 9.0, lead 7.0, gesture 2 ms)
 120.9 m  swipe left   dumpster blocks lane 1 at 6.7 m; lanes [- block block] -> lane -1 (speed 9.0, lead 7.0, gesture 2 ms)
 121.9 m  swipe left   second step toward lane -1 (speed 9.0)
 148.6 m  swipe down   roll under overhead_gantry in lane -1 at 1.8 m, row 1 m long (speed 9.0, lead 2.1, gesture 2 ms)
 173.2 m  swipe down   roll under overhead_gantry in lane -1 at 2.1 m, row 1 m long (speed 9.6, lead 2.2, gesture 2 ms)
 188.2 m  swipe right  taxi blocks lane -1 at 7.2 m; lanes [block block -] -> lane 1 (speed 9.6, lead 7.4, gesture 2 ms)
 189.5 m  swipe right   second step toward lane 1 (speed 9.6)
 235.6 m  swipe left   taxi blocks lane 1 at 7.1 m; lanes [roll - block] -> lane 0 (speed 9.6, lead 7.4, gesture 3 ms)
 261.7 m  swipe up     jump scooter in lane 0 at 4.8 m (speed 9.6, lead 5.0, gesture 1 ms)
 268.1 m  swipe right  coin in lane 1 at 4.4 m (speed 9.6)
 283.6 m  swipe up     jump low_barrier in lane 1 at 4.6 m (speed 9.6, lead 5.0, gesture 2 ms)
 301.4 m  swipe left   coin in lane 0 at 8.0 m (speed 10.2)
 325.0 m  swipe down   roll under overhead_gantry in lane 0 at 2.2 m, row 1 m long (speed 10.2, lead 2.4, gesture 1 ms)
 329.0 m  swipe right  coin in lane 1 at 4.3 m (speed 10.2)
 388.1 m  swipe up     jump scooter in lane 1 at 5.0 m (speed 10.2, lead 5.2, gesture 4 ms)
 394.7 m  swipe left   coin in lane 0 at 4.4 m (speed 10.2)
 411.4 m  swipe up     jump scooter in lane 0 at 5.1 m (speed 10.2, lead 5.2, gesture 1 ms)
 425.0 m  swipe right  dumpster blocks lane 0 at 7.6 m; lanes [block block -] -> lane 1 (speed 10.2, lead 7.7, gesture 1 ms)
 461.5 m  swipe left   coin in lane 0 at 2.0 m (speed 10.8)
 475.0 m  swipe up     jump cone_cluster in lane 0 at 5.0 m (speed 10.8, lead 5.4, gesture 2 ms)
 488.9 m  swipe right  dumpster blocks lane 0 at 8.0 m; lanes [- block -] -> lane 1 (speed 10.8, lead 8.0, gesture 1 ms)
 615.1 m  swipe left   dumpster blocks lane 1 at 8.3 m; lanes [jump - block] -> lane 0 (speed 11.4, lead 8.4, gesture 2 ms)
 627.1 m  swipe right  coin in lane 1 at 2.3 m (speed 11.4)
 659.4 m  swipe down   roll under overhead_gantry in lane 1 at 2.7 m, row 1 m long (speed 11.4, lead 2.7, gesture 2 ms)
 752.8 m  swipe left   coin in lane 0 at 2.2 m (speed 12.0)
 768.8 m  swipe down   roll under overhead_gantry in lane 0 at 2.7 m, row 1 m long (speed 12.0, lead 2.9, gesture 2 ms)
 785.6 m  swipe down   roll under overhead_gantry in lane 0 at 1.7 m, row 3 m long (speed 12.0, lead 1.9, gesture 2 ms)
 790.8 m  swipe left   coin in lane -1 at 2.5 m (speed 12.0)
 795.8 m  swipe right  taxi blocks lane -1 at 8.6 m; lanes [block - -] -> lane 0 (speed 12.0, lead 8.7, gesture 2 ms)
